// Jest Snapshot v1, https://goo.gl/fbAQLP

exports[`kosko generate --dev 1`] = `
"---
apiVersion: bitnami.com/v1alpha1
kind: SealedSecret
metadata:
  name: elastic-recherche-entreprises-write
  annotations:
    app.github.com/job: '5678'
    app.github.com/ref: refs/tags/v1.2.3
    app.github.com/repo: socialgouv/recherche-entreprises
    app.github.com/run: '1234'
    app.github.com/sha: '0123456'
  labels:
    application: recherche-entreprises
    component: recherche-entreprises
    owner: recherche-entreprises
    team: recherche-entreprises
  namespace: recherche-entreprises
spec:
  encryptedData:
    ELASTICSEARCH_URL: >-
      AgA0evdMnmx3uImqSzGIHorhP2zdv0hFREYZt0FLKi9Eg389OmU1f8CKgpOJp5LPedSAghc8HEd//YeqYRvhQZhfclkw15FZJX7xxz3H75wYJMuNxnLPz8cEyruuA2NrqVoCNuf8p06aI1hfhjNlIKnPjewR14hK5tdKVmsRc1bfPOygUhslbp+aDCbyCFAVFamhaHYHYKdBKZ4B3V+pgLfQvJl2Xfnm3ChXO9Y7ptnI7IJjyzpResdQwasAppc6onvOrGAdms4wW0TZQOsrRV/3JwFHwbqwiX8DzdwkvLlK37HwV7XddiHOQsa3Z+ONI5y9Uhbw2+3ynMi0h8dVOxHmjeq4iPVBqSTWgRfqomz7MR+MSQfNwaE/D20qlt1fzrFvNezc07XxwYxogUS9QFVe8vgXbeoOFmgUA25pKUsOVgjs+ulA5uH7fMv9JhF5H93250FE+/VcHS1wtUAZw67w9GndnpEgs/kmqR9juD4qVEslrEb36OmsZi4hkgNKh8kK2GybTTaTw4I5xSuWu0mpQqZR3i5M8biT/B0YStW1EkajX02obUyQKSJk8VjLwXIFQ726kse5sMh8Ste+z1lKEIfq6jOKZZ7sUiSTwuLuGTmEqy5mdcmkyeCgp4paYOyzKHhYDNXaoZkKguZP9DuOY+44g4uch9Uj3hGvZb+4dV41FGIJ3PB0YZbbxgHF3UA6iHGkZcITwxhn4lJADU7yJyQcrziDXccKa1yiGe9BOOjGn2+WOLF0lrLsA6Uxk70sEiwZygYJQCJGN6KsHPz7Resz6aF/YTY3K+m65VeI4g==
    ELASTICSEARCH_API_KEY: >-
      AgABUhcCHYMldKg9JPfijTDeiF5Fdo0h7NIHCv5/B2Jwnyb1LciNXJ4WmI+7jVweUhx2k0LZzIpyG7VRVMRzliDqcDH4CuNdjFmsZ/KKD1re88AVArYNblasISTx4JxeomlG903SVJgIHjdZDLHsiUYnB+BeM11UBUGlVhaCH0+mV+1alXK+xkxLbaFIh3853onWvbZTvPkc74qFCKfqJX5J9cxLrwX+qq48EwZZIspaR8LtlcZfSem1NSavHyLUxBXP8IEF2o4stt3haKbq+kO+2dPr8/o141KyNzabbbP82wXikuDk3yRqX4j0yAZhfT+X4Sk8kJKH947CV2bHmkr0ySy9+qTiQqwwHthEKWxmCVsQocX13tGC+v9hYzjor9Eu1OFeDa+pzJ21tC5gMRIVUgsTJ4+mDqiJqPgHAB/rPMSB+JaK2DZchVR2MK4mDYcjiNOrzUNG1sRiKrgikIiBIHKBgyoWlJVkqNWzUHBDl0hCp8uEkOWcmBymNvI37HqFPxfENvIeu6vXZ2K+R51bkbEYYfcvrrFmeCh+bdpsKALhmGbtVG0NeKIHR8uicixu/ewi95LVE8hwkYeAZerlBNSF4HRs2ZvNwtqnzQtiv5Dh1aVfQe8AaXojuS22JqgE+eiZhzw225ovZZ/OYv81odymXdBhovF+uurhF1jxczPc0DWdAKagw0mZYFfC7ipBILEitnp7vsrIuZZoKoZHjRhgLikhu74USV7RrutZpPQKqgm5+RWGu1v8HZzK4eDrH3JHi9TjKbcRG50=
  template:
    metadata:
      annotations:
        app.github.com/job: '5678'
        app.github.com/ref: refs/tags/v1.2.3
        app.github.com/repo: socialgouv/recherche-entreprises
        app.github.com/run: '1234'
        app.github.com/sha: '0123456'
      name: elastic-recherche-entreprises-write
      labels:
        application: recherche-entreprises
        component: recherche-entreprises
        owner: recherche-entreprises
        team: recherche-entreprises
    type: Opaque
---
apiVersion: v1
kind: ConfigMap
data:
  sqlite.sh: >
    #!/bin/bash


    # exit when any command fails

    set -e


    # download files, convert to SQLite and export to CSV


    DATA_DIR=\${DATA_DIR:-\\"./data\\"}


    mkdir -p \\"$DATA_DIR\\" || true


    echo \\"-- Working in $(dirname \\"$0\\")\\"

    cd \\"$(dirname \\"$0\\")\\" || exit


    echo \\"-- Download datasets\\"



    if command -v apt-get &> /dev/null

    then
      apt-get update -y
    fi


    # install sqlite3 if not exists

    if ! command -v sqlite3 &> /dev/null

    then
        echo \\"sqlite3 could not be found\\"
        apt-get install -y sqlite3
    fi

    # install wget if not exists

    if ! command -v wget &> /dev/null

    then
        echo \\"wget could not be found\\"
        apt-get install -y wget
    fi

    # install unzip if not exists

    if ! command -v unzip &> /dev/null

    then
        echo \\"unzip could not be found\\"
        apt-get install -y unzip
    fi


    # geo siret par dÃ©partement

    for d in $(seq -w 1 19) 2A 2B $(seq 21 74) $(seq 76 95) 98 \\"\\"; do
      wget --progress=bar:force:noscroll -q --show-progress \\"https://files.data.gouv.fr/geo-sirene/last/dep/geo_siret_$d.csv.gz\\" --directory-prefix=\\"$DATA_DIR\\"
      gunzip \\"\${DATA_DIR}/geo_siret_$d.csv.gz\\"
    done


    # Cas particulier Paris 75101-75120

    for d in $(seq -w 1 20); do
      wget --progress=bar:force:noscroll -q --show-progress \\"https://files.data.gouv.fr/geo-sirene/last/dep/geo_siret_751$d.csv.gz\\" --directory-prefix=\\"$DATA_DIR\\"
      gunzip \\"\${DATA_DIR}/geo_siret_751$d.csv.gz\\"
    done


    # Cas particulier DOM 971->978

    for d in $(seq -w 1 8); do
      wget --progress=bar:force:noscroll -q --show-progress \\"https://files.data.gouv.fr/geo-sirene/last/dep/geo_siret_97$d.csv.gz\\" --directory-prefix=\\"$DATA_DIR\\"
      gunzip \\"\${DATA_DIR}/geo_siret_97$d.csv.gz\\"
    done


    # SIRET data

    wget --progress=bar:force:noscroll -q --show-progress
    https://files.data.gouv.fr/insee-sirene/StockUniteLegale_utf8.zip
    --directory-prefix=\\"$DATA_DIR\\"

    unzip \\"\${DATA_DIR}/StockUniteLegale_utf8.zip\\" -d \\"\${DATA_DIR}\\"


    # WEEZ data

    wget --progress=bar:force:noscroll -q --show-progress
    https://www.data.gouv.fr/fr/datasets/r/bfc3a658-c054-4ecc-ba4b-22f3f5789dc7
    -O \\"\${DATA_DIR}/WEEZ.csv\\"


    echo \\"-- Import CSV datasets to sqlite\\"


    sqlite3 -echo \\"\${DATA_DIR}/db.sqlite\\" \\".read import.sql\\"


    echo \\"-- Export sqlite data to \${DATA_DIR}/assembly.csv\\"


    sqlite3 -header -csv \\"\${DATA_DIR}/db.sqlite\\" \\".read export.sql\\" >
    \\"\${DATA_DIR}/assembly.csv\\"
  import.sql: |-
    --- sqlite3 -echo db.sqlite \\".read import.sql\\"
    ---
    --- import local CSVs to sqlite database
    ---

    PRAGMA synchronous = OFF;

    DROP TABLE IF EXISTS weez;
    DROP TABLE IF EXISTS geo_siret;
    DROP TABLE IF EXISTS stock;

    .mode csv
    .import data/WEEZ.csv weez
    .import data/StockUniteLegale_utf8.csv stock
    .import data/geo_siret_.csv geo_siret
    .import data/geo_siret_01.csv geo_siret
    .import data/geo_siret_02.csv geo_siret
    .import data/geo_siret_03.csv geo_siret
    .import data/geo_siret_04.csv geo_siret
    .import data/geo_siret_05.csv geo_siret
    .import data/geo_siret_06.csv geo_siret
    .import data/geo_siret_07.csv geo_siret
    .import data/geo_siret_08.csv geo_siret
    .import data/geo_siret_09.csv geo_siret
    .import data/geo_siret_10.csv geo_siret
    .import data/geo_siret_11.csv geo_siret
    .import data/geo_siret_12.csv geo_siret
    .import data/geo_siret_13.csv geo_siret
    .import data/geo_siret_14.csv geo_siret
    .import data/geo_siret_15.csv geo_siret
    .import data/geo_siret_16.csv geo_siret
    .import data/geo_siret_17.csv geo_siret
    .import data/geo_siret_18.csv geo_siret
    .import data/geo_siret_19.csv geo_siret
    .import data/geo_siret_21.csv geo_siret
    .import data/geo_siret_22.csv geo_siret
    .import data/geo_siret_23.csv geo_siret
    .import data/geo_siret_24.csv geo_siret
    .import data/geo_siret_25.csv geo_siret
    .import data/geo_siret_26.csv geo_siret
    .import data/geo_siret_27.csv geo_siret
    .import data/geo_siret_28.csv geo_siret
    .import data/geo_siret_29.csv geo_siret
    .import data/geo_siret_2A.csv geo_siret
    .import data/geo_siret_2B.csv geo_siret
    .import data/geo_siret_30.csv geo_siret
    .import data/geo_siret_31.csv geo_siret
    .import data/geo_siret_32.csv geo_siret
    .import data/geo_siret_33.csv geo_siret
    .import data/geo_siret_34.csv geo_siret
    .import data/geo_siret_35.csv geo_siret
    .import data/geo_siret_36.csv geo_siret
    .import data/geo_siret_37.csv geo_siret
    .import data/geo_siret_38.csv geo_siret
    .import data/geo_siret_39.csv geo_siret
    .import data/geo_siret_40.csv geo_siret
    .import data/geo_siret_41.csv geo_siret
    .import data/geo_siret_42.csv geo_siret
    .import data/geo_siret_43.csv geo_siret
    .import data/geo_siret_44.csv geo_siret
    .import data/geo_siret_45.csv geo_siret
    .import data/geo_siret_46.csv geo_siret
    .import data/geo_siret_47.csv geo_siret
    .import data/geo_siret_48.csv geo_siret
    .import data/geo_siret_49.csv geo_siret
    .import data/geo_siret_50.csv geo_siret
    .import data/geo_siret_51.csv geo_siret
    .import data/geo_siret_52.csv geo_siret
    .import data/geo_siret_53.csv geo_siret
    .import data/geo_siret_54.csv geo_siret
    .import data/geo_siret_55.csv geo_siret
    .import data/geo_siret_56.csv geo_siret
    .import data/geo_siret_57.csv geo_siret
    .import data/geo_siret_58.csv geo_siret
    .import data/geo_siret_59.csv geo_siret
    .import data/geo_siret_60.csv geo_siret
    .import data/geo_siret_61.csv geo_siret
    .import data/geo_siret_62.csv geo_siret
    .import data/geo_siret_63.csv geo_siret
    .import data/geo_siret_64.csv geo_siret
    .import data/geo_siret_65.csv geo_siret
    .import data/geo_siret_66.csv geo_siret
    .import data/geo_siret_67.csv geo_siret
    .import data/geo_siret_68.csv geo_siret
    .import data/geo_siret_69.csv geo_siret
    .import data/geo_siret_70.csv geo_siret
    .import data/geo_siret_71.csv geo_siret
    .import data/geo_siret_72.csv geo_siret
    .import data/geo_siret_73.csv geo_siret
    .import data/geo_siret_74.csv geo_siret
    .import data/geo_siret_75101.csv geo_siret
    .import data/geo_siret_75102.csv geo_siret
    .import data/geo_siret_75103.csv geo_siret
    .import data/geo_siret_75104.csv geo_siret
    .import data/geo_siret_75105.csv geo_siret
    .import data/geo_siret_75106.csv geo_siret
    .import data/geo_siret_75107.csv geo_siret
    .import data/geo_siret_75108.csv geo_siret
    .import data/geo_siret_75109.csv geo_siret
    .import data/geo_siret_75110.csv geo_siret
    .import data/geo_siret_75111.csv geo_siret
    .import data/geo_siret_75112.csv geo_siret
    .import data/geo_siret_75113.csv geo_siret
    .import data/geo_siret_75114.csv geo_siret
    .import data/geo_siret_75115.csv geo_siret
    .import data/geo_siret_75116.csv geo_siret
    .import data/geo_siret_75117.csv geo_siret
    .import data/geo_siret_75118.csv geo_siret
    .import data/geo_siret_75119.csv geo_siret
    .import data/geo_siret_75120.csv geo_siret
    .import data/geo_siret_76.csv geo_siret
    .import data/geo_siret_77.csv geo_siret
    .import data/geo_siret_78.csv geo_siret
    .import data/geo_siret_79.csv geo_siret
    .import data/geo_siret_80.csv geo_siret
    .import data/geo_siret_81.csv geo_siret
    .import data/geo_siret_82.csv geo_siret
    .import data/geo_siret_83.csv geo_siret
    .import data/geo_siret_84.csv geo_siret
    .import data/geo_siret_85.csv geo_siret
    .import data/geo_siret_86.csv geo_siret
    .import data/geo_siret_87.csv geo_siret
    .import data/geo_siret_88.csv geo_siret
    .import data/geo_siret_89.csv geo_siret
    .import data/geo_siret_90.csv geo_siret
    .import data/geo_siret_91.csv geo_siret
    .import data/geo_siret_92.csv geo_siret
    .import data/geo_siret_93.csv geo_siret
    .import data/geo_siret_94.csv geo_siret
    .import data/geo_siret_95.csv geo_siret
    .import data/geo_siret_971.csv geo_siret
    .import data/geo_siret_972.csv geo_siret
    .import data/geo_siret_973.csv geo_siret
    .import data/geo_siret_974.csv geo_siret
    .import data/geo_siret_975.csv geo_siret
    .import data/geo_siret_976.csv geo_siret
    .import data/geo_siret_977.csv geo_siret
    .import data/geo_siret_978.csv geo_siret
    .import data/geo_siret_98.csv geo_siret

    CREATE INDEX 'geo_siret_idx' ON 'geo_siret' ('siret');
    CREATE INDEX 'geo_siren_idx' ON 'geo_siret' ('siren');
    CREATE INDEX 'weez_siret_idx' ON 'weez' ('SIRET');
    CREATE INDEX 'stock_siren_idx' ON 'stock' ('siren');

    SELECT \\"weez\\", count(*) from weez;
    SELECT \\"stock\\", count(*) from stock;
    SELECT \\"geo_siret\\", count(*) from geo_siret;
  export.sql: |+
    --- Output index data
    --- sqlite3 -header -csv db.sqlite \\".read export.sql\\" > output.csv

    PRAGMA synchronous = OFF;

    SELECT 
        stock.siren,
        stock.sigleUniteLegale,
        stock.nomUniteLegale,
        stock.prenom1UniteLegale,
        stock.nomUsageUniteLegale,
        stock.denominationUniteLegale,
        stock.denominationUsuelle1UniteLegale,
        stock.denominationUsuelle2UniteLegale,
        stock.denominationUsuelle3UniteLegale,
        stock.activitePrincipaleUniteLegale,
        stock.trancheEffectifsUniteLegale,
        stock.categorieJuridiqueUniteLegale,
        stock.nomenclatureActivitePrincipaleUniteLegale,
        stock.categorieEntreprise,
        stock.etatAdministratifUniteLegale,
        stock.caractereEmployeurUniteLegale,
        geo_siret.siret,
        geo_siret.codePostalEtablissement,
        geo_siret.libelleCommuneEtablissement,
        geo_siret.etatAdministratifEtablissement,
        geo_siret.enseigne1Etablissement,
        geo_siret.enseigne2Etablissement,
        geo_siret.enseigne3Etablissement,
        geo_siret.denominationUsuelleEtablissement,
        geo_siret.activitePrincipaleEtablissement,
        geo_siret.geo_adresse,
        geo_siret.complementAdresseEtablissement,
        geo_siret.numeroVoieEtablissement,
        geo_siret.indiceRepetitionEtablissement,
        geo_siret.typeVoieEtablissement,
        geo_siret.libelleVoieEtablissement,
        weez.IDCC as idcc,
        (select count(*) FROM geo_siret where siren=stock.siren) etablissements
        from stock, geo_siret
            left join weez on weez.SIRET=geo_siret.siret
            where stock.siren=geo_siret.siren;


metadata:
  name: config-map-files-0123456789abcdefghijklmnopqrstuvwxyz0123
  annotations:
    app.github.com/job: '5678'
    app.github.com/ref: refs/tags/v1.2.3
    app.github.com/repo: socialgouv/recherche-entreprises
    app.github.com/run: '1234'
    app.github.com/sha: '0123456'
  labels:
    application: recherche-entreprises
    component: recherche-entreprises
    owner: recherche-entreprises
    team: recherche-entreprises
  namespace: recherche-entreprises
---
apiVersion: batch/v1
kind: Job
metadata:
  name: update-index-0123456789abcdefghijklmnopqrstuvwxyz0123
  annotations:
    app.github.com/job: '5678'
    app.github.com/ref: refs/tags/v1.2.3
    app.github.com/repo: socialgouv/recherche-entreprises
    app.github.com/run: '1234'
    app.github.com/sha: '0123456'
  labels:
    application: recherche-entreprises
    component: recherche-entreprises
    owner: recherche-entreprises
    team: recherche-entreprises
  namespace: recherche-entreprises
spec:
  backoffLimit: 3
  template:
    spec:
      containers:
        - name: update-index
          image: ghcr.io/socialgouv/recherche-entreprises/index:1.2.3
          volumeMounts:
            - name: data
              mountPath: /data
          env:
            - name: ASSEMBLY_FILE
              value: /data/assembly.csv
            - name: ELASTICSEARCH_INDEX_NAME
              value: search-entreprises
          envFrom:
            - secretRef:
                name: elastic-recherche-entreprises-write
          resources:
            limits:
              cpu: '4'
              memory: 5Gi
            requests:
              cpu: '2'
              memory: 2Gi
      restartPolicy: Never
      volumes:
        - name: data
          emptyDir: {}
        - configMap:
            name: config-map-files-0123456789abcdefghijklmnopqrstuvwxyz0123
            defaultMode: 511
          name: local-files
      initContainers:
        - args:
            - /mnt/scripts/sqlite.sh
          command:
            - sh
          image: ubuntu:18.04
          imagePullPolicy: Always
          name: download-build-data
          env:
            - name: DATA_DIR
              value: /mnt/scripts/data
          resources:
            limits:
              cpu: '4'
              memory: 2Gi
            requests:
              cpu: '2'
              memory: 1Gi
          volumeMounts:
            - name: data
              mountPath: /mnt/scripts/data
            - mountPath: /mnt/scripts
              name: local-files
    metadata:
      annotations:
        app.github.com/job: '5678'
        app.github.com/ref: refs/tags/v1.2.3
        app.github.com/repo: socialgouv/recherche-entreprises
        app.github.com/run: '1234'
        app.github.com/sha: '0123456'
      labels:
        application: recherche-entreprises
        component: recherche-entreprises
        owner: recherche-entreprises
        team: recherche-entreprises
"
`;
