// Jest Snapshot v1, https://goo.gl/fbAQLP

exports[`kosko generate --dev 1`] = `
"---
apiVersion: bitnami.com/v1alpha1
kind: SealedSecret
metadata:
  name: elastic-recherche-entreprises-write
  annotations:
    sealedsecrets.bitnami.com/cluster-wide: 'true'
    app.github.com/job: '5678'
    app.github.com/ref: refs/heads/mybranch
    app.github.com/repo: socialgouv/recherche-entreprises
    app.github.com/run: '1234'
    app.github.com/sha: '0123456'
  labels:
    application: recherche-entreprises
    component: recherche-entreprises
    owner: recherche-entreprises
    team: recherche-entreprises
    cert: wildcard
  namespace: recherche-entreprises-mybranch
spec:
  encryptedData:
    ELASTICSEARCH_URL: >-
      AgCxK1MqqVkCOHvMjjcieUsj1uE/ATUzAfYTYVEMqcWFxTnugOaYlXB2mTuZtzdjXNvINREzDynnVRBghPIJvrJm59vPgexC5FyQptdPf2XwQAG6n0yMLWAEBM+O8ieO1D6vBu6BYuq4QYoItq+SMTE6APNX+p6wi4/LP04cR8p8bVKNxckPMfyVfQGhUSTD+2gC5ow2x1Mx67odqqP3E8eK9tm5tU6ltzOpKqJKITUQIqTQbSKFr8p77DE4IrdbPn8MpvdP+VrT+ztF4thPkpVpuYWy9rABdQKeEuNdN2AuvmPeJs/2B80iApIgtWWQjV/iG+WlLGMohvWDZVsBGuBuYGzhjJlr5w8OljwKDihb2cG1M/Ot/LM1xRuCC85wvqH0oMhnnP/3DZts5aYAN+qjAezOkPT9kjT+gu0WoQB+E5r9ITcYYHYbJw/YSxS2z86Ul0amRRW4ovAWT5c/nFDZU6i74I8YyVh8oOtrieZgNF4ajJcIr5YpjT2LICKoZR0KExrQ4V30zZJ+wZcvd8W3e/KCmKsFxloTkLq/sjEiFQoe6ffYTQhSUXZynqrdUKZsdoSleprfctlJtf3rzxt5hZIpcLulXrYk7pPPiHkTcV3Zc4zkN3BFE1A9vsgTvh6xTXlvUekJHHMXU3t8ZyZD8vvemxv0FE8G33XWQF2DEkmyc3gXMlfPDLho4fHv0h0iId0c9klFkOpmp8REFWJyuRQjq+hOHvfoCSu1ymsCwA0CMAguJoX1XEhn0aA9QIgf0VyBe/cVJwu/GfW74UBi6x5feqzFovYIUXbDP6kW
    ELASTICSEARCH_API_KEY: >-
      AgANlBsYYlxFPxOSitnqdZ4LhP822km9ijYFc46pkpkSKoYGRHNm7gbpaPTRNWJ4u647IYI8Hl8E63GrtACnhntEIvJlHTE8ZwOw7kIA7NuPj/xma4nN3RTlazH8dmaGskd/wCD8mDZS2R3MhXxqSy6DVGbNJyRAmrgLnzCOgp5/aJkQAC3sZ9GOce0x+X7ngd+qKrOzf+CZS/hnf4/aQvEj6Caq141nl74jpuwpfjb3PWKl9aATJocZkyNw92ITRmfnGu5oE0VIf+BJe8tyBvLN7dcPQ5txBEfDh/XBX3eCwpAJMeyN6XHioJKX9BbN1rCG5lt8jAurB6WAxeAVtt5maytoX9aYAWZMiK7FQ3HubkrDHvDPBJyaeyzLWgcXeox077xiCti7BaKssVO2itM6BO9gMyvC2hwnw5LjtItj1mY25wGRmMz5B8/9vMYMZ6Xmjf3DaczAUwL3RcW3NYqjbUc03pz45uAavC2ImNXtIBIoaaXh0T0rX6ZcQaJZxpax29KydecKDoDnkkx3owpVZoZryebXgG/sW34ddaoHsLwgKwBdxVoNO+L04g46JdXoJclPA/7GVPDz0voMCHIZymrBfRPf/xdqtq5w0EdiIAf7d6GogOjaUU9ujKMJJKw//nu3RmYziVWcaAHzkgKJZahRe+k2Kb8o+YsGFPFYoR936GAnJRnLn8sEMppuP2tHrij6SN/jSRbJll0HgsA/BKzPDhwSu0tiDt81HDZdxXusre5MRNzyiESOoKGSq7hc7ABHCIHSWyhbVNU=
  template:
    metadata:
      annotations:
        sealedsecrets.bitnami.com/cluster-wide: 'true'
        app.github.com/job: '5678'
        app.github.com/ref: refs/heads/mybranch
        app.github.com/repo: socialgouv/recherche-entreprises
        app.github.com/run: '1234'
        app.github.com/sha: '0123456'
      name: elastic-recherche-entreprises-write
      labels:
        application: recherche-entreprises
        component: recherche-entreprises
        owner: recherche-entreprises
        team: recherche-entreprises
        cert: wildcard
    type: Opaque
---
apiVersion: v1
kind: ConfigMap
data:
  sqlite.sh: >
    #!/bin/bash


    # exit when any command fails

    set -e


    # download files, convert to SQLite and export to CSV


    DATA_DIR=\${DATA_DIR:-\\"./data\\"}


    mkdir -p \\"$DATA_DIR\\" || true


    echo \\"-- Working in $(dirname \\"$0\\")\\"

    cd \\"$(dirname \\"$0\\")\\" || exit


    echo \\"-- Download datasets\\"



    if command -v apt-get &> /dev/null

    then
      apt-get update -y
    fi


    # install sqlite3 if not exists

    if ! command -v sqlite3 &> /dev/null

    then
        echo \\"sqlite3 could not be found\\"
        apt-get install -y sqlite3
    fi

    # install wget if not exists

    if ! command -v wget &> /dev/null

    then
        echo \\"wget could not be found\\"
        apt-get install -y wget
    fi

    # install unzip if not exists

    if ! command -v unzip &> /dev/null

    then
        echo \\"unzip could not be found\\"
        apt-get install -y unzip
    fi


    # geo siret par dÃ©partement

    for d in $(seq -w 1 19) 2A 2B $(seq 21 74) $(seq 76 95) 98 \\"\\"; do
      wget --progress=bar:force:noscroll -q --show-progress \\"https://files.data.gouv.fr/geo-sirene/last/dep/geo_siret_$d.csv.gz\\" --directory-prefix=\\"$DATA_DIR\\"
      gunzip \\"\${DATA_DIR}/geo_siret_$d.csv.gz\\"
    done


    # Cas particulier Paris 75101-75120

    for d in $(seq -w 1 20); do
      wget --progress=bar:force:noscroll -q --show-progress \\"https://files.data.gouv.fr/geo-sirene/last/dep/geo_siret_751$d.csv.gz\\" --directory-prefix=\\"$DATA_DIR\\"
      gunzip \\"\${DATA_DIR}/geo_siret_751$d.csv.gz\\"
    done


    # Cas particulier DOM 971->978

    for d in $(seq -w 1 8); do
      wget --progress=bar:force:noscroll -q --show-progress \\"https://files.data.gouv.fr/geo-sirene/last/dep/geo_siret_97$d.csv.gz\\" --directory-prefix=\\"$DATA_DIR\\"
      gunzip \\"\${DATA_DIR}/geo_siret_97$d.csv.gz\\"
    done


    # SIRET data

    wget --progress=bar:force:noscroll -q --show-progress
    https://files.data.gouv.fr/insee-sirene/StockUniteLegale_utf8.zip
    --directory-prefix=\\"$DATA_DIR\\"

    unzip \\"\${DATA_DIR}/StockUniteLegale_utf8.zip\\" -d \\"\${DATA_DIR}\\"


    # WEEZ data

    wget --progress=bar:force:noscroll -q --show-progress
    https://www.data.gouv.fr/fr/datasets/r/bfc3a658-c054-4ecc-ba4b-22f3f5789dc7
    -O \\"\${DATA_DIR}/WEEZ.csv\\"


    echo \\"-- Import CSV datasets to sqlite\\"


    sqlite3 -echo \\"\${DATA_DIR}/db.sqlite\\" \\".read import.sql\\"


    echo \\"-- Export sqlite data to \${DATA_DIR}/assembly.csv\\"


    sqlite3 -header -csv \\"\${DATA_DIR}/db.sqlite\\" \\".read export.sql\\" >
    \\"\${DATA_DIR}/assembly.csv\\"
  import.sql: |-
    --- sqlite3 -echo db.sqlite \\".read import.sql\\"
    ---
    --- import local CSVs to sqlite database
    ---

    PRAGMA synchronous = OFF;

    DROP TABLE IF EXISTS weez;
    DROP TABLE IF EXISTS geo_siret;
    DROP TABLE IF EXISTS stock;

    .mode csv
    .import data/WEEZ.csv weez
    .import data/StockUniteLegale_utf8.csv stock
    .import data/geo_siret_.csv geo_siret
    .import data/geo_siret_01.csv geo_siret
    .import data/geo_siret_02.csv geo_siret
    .import data/geo_siret_03.csv geo_siret
    .import data/geo_siret_04.csv geo_siret
    .import data/geo_siret_05.csv geo_siret
    .import data/geo_siret_06.csv geo_siret
    .import data/geo_siret_07.csv geo_siret
    .import data/geo_siret_08.csv geo_siret
    .import data/geo_siret_09.csv geo_siret
    .import data/geo_siret_10.csv geo_siret
    .import data/geo_siret_11.csv geo_siret
    .import data/geo_siret_12.csv geo_siret
    .import data/geo_siret_13.csv geo_siret
    .import data/geo_siret_14.csv geo_siret
    .import data/geo_siret_15.csv geo_siret
    .import data/geo_siret_16.csv geo_siret
    .import data/geo_siret_17.csv geo_siret
    .import data/geo_siret_18.csv geo_siret
    .import data/geo_siret_19.csv geo_siret
    .import data/geo_siret_21.csv geo_siret
    .import data/geo_siret_22.csv geo_siret
    .import data/geo_siret_23.csv geo_siret
    .import data/geo_siret_24.csv geo_siret
    .import data/geo_siret_25.csv geo_siret
    .import data/geo_siret_26.csv geo_siret
    .import data/geo_siret_27.csv geo_siret
    .import data/geo_siret_28.csv geo_siret
    .import data/geo_siret_29.csv geo_siret
    .import data/geo_siret_2A.csv geo_siret
    .import data/geo_siret_2B.csv geo_siret
    .import data/geo_siret_30.csv geo_siret
    .import data/geo_siret_31.csv geo_siret
    .import data/geo_siret_32.csv geo_siret
    .import data/geo_siret_33.csv geo_siret
    .import data/geo_siret_34.csv geo_siret
    .import data/geo_siret_35.csv geo_siret
    .import data/geo_siret_36.csv geo_siret
    .import data/geo_siret_37.csv geo_siret
    .import data/geo_siret_38.csv geo_siret
    .import data/geo_siret_39.csv geo_siret
    .import data/geo_siret_40.csv geo_siret
    .import data/geo_siret_41.csv geo_siret
    .import data/geo_siret_42.csv geo_siret
    .import data/geo_siret_43.csv geo_siret
    .import data/geo_siret_44.csv geo_siret
    .import data/geo_siret_45.csv geo_siret
    .import data/geo_siret_46.csv geo_siret
    .import data/geo_siret_47.csv geo_siret
    .import data/geo_siret_48.csv geo_siret
    .import data/geo_siret_49.csv geo_siret
    .import data/geo_siret_50.csv geo_siret
    .import data/geo_siret_51.csv geo_siret
    .import data/geo_siret_52.csv geo_siret
    .import data/geo_siret_53.csv geo_siret
    .import data/geo_siret_54.csv geo_siret
    .import data/geo_siret_55.csv geo_siret
    .import data/geo_siret_56.csv geo_siret
    .import data/geo_siret_57.csv geo_siret
    .import data/geo_siret_58.csv geo_siret
    .import data/geo_siret_59.csv geo_siret
    .import data/geo_siret_60.csv geo_siret
    .import data/geo_siret_61.csv geo_siret
    .import data/geo_siret_62.csv geo_siret
    .import data/geo_siret_63.csv geo_siret
    .import data/geo_siret_64.csv geo_siret
    .import data/geo_siret_65.csv geo_siret
    .import data/geo_siret_66.csv geo_siret
    .import data/geo_siret_67.csv geo_siret
    .import data/geo_siret_68.csv geo_siret
    .import data/geo_siret_69.csv geo_siret
    .import data/geo_siret_70.csv geo_siret
    .import data/geo_siret_71.csv geo_siret
    .import data/geo_siret_72.csv geo_siret
    .import data/geo_siret_73.csv geo_siret
    .import data/geo_siret_74.csv geo_siret
    .import data/geo_siret_75101.csv geo_siret
    .import data/geo_siret_75102.csv geo_siret
    .import data/geo_siret_75103.csv geo_siret
    .import data/geo_siret_75104.csv geo_siret
    .import data/geo_siret_75105.csv geo_siret
    .import data/geo_siret_75106.csv geo_siret
    .import data/geo_siret_75107.csv geo_siret
    .import data/geo_siret_75108.csv geo_siret
    .import data/geo_siret_75109.csv geo_siret
    .import data/geo_siret_75110.csv geo_siret
    .import data/geo_siret_75111.csv geo_siret
    .import data/geo_siret_75112.csv geo_siret
    .import data/geo_siret_75113.csv geo_siret
    .import data/geo_siret_75114.csv geo_siret
    .import data/geo_siret_75115.csv geo_siret
    .import data/geo_siret_75116.csv geo_siret
    .import data/geo_siret_75117.csv geo_siret
    .import data/geo_siret_75118.csv geo_siret
    .import data/geo_siret_75119.csv geo_siret
    .import data/geo_siret_75120.csv geo_siret
    .import data/geo_siret_76.csv geo_siret
    .import data/geo_siret_77.csv geo_siret
    .import data/geo_siret_78.csv geo_siret
    .import data/geo_siret_79.csv geo_siret
    .import data/geo_siret_80.csv geo_siret
    .import data/geo_siret_81.csv geo_siret
    .import data/geo_siret_82.csv geo_siret
    .import data/geo_siret_83.csv geo_siret
    .import data/geo_siret_84.csv geo_siret
    .import data/geo_siret_85.csv geo_siret
    .import data/geo_siret_86.csv geo_siret
    .import data/geo_siret_87.csv geo_siret
    .import data/geo_siret_88.csv geo_siret
    .import data/geo_siret_89.csv geo_siret
    .import data/geo_siret_90.csv geo_siret
    .import data/geo_siret_91.csv geo_siret
    .import data/geo_siret_92.csv geo_siret
    .import data/geo_siret_93.csv geo_siret
    .import data/geo_siret_94.csv geo_siret
    .import data/geo_siret_95.csv geo_siret
    .import data/geo_siret_971.csv geo_siret
    .import data/geo_siret_972.csv geo_siret
    .import data/geo_siret_973.csv geo_siret
    .import data/geo_siret_974.csv geo_siret
    .import data/geo_siret_975.csv geo_siret
    .import data/geo_siret_976.csv geo_siret
    .import data/geo_siret_977.csv geo_siret
    .import data/geo_siret_978.csv geo_siret
    .import data/geo_siret_98.csv geo_siret

    CREATE INDEX 'geo_siret_idx' ON 'geo_siret' ('siret');
    CREATE INDEX 'geo_siren_idx' ON 'geo_siret' ('siren');
    CREATE INDEX 'weez_siret_idx' ON 'weez' ('SIRET');
    CREATE INDEX 'stock_siren_idx' ON 'stock' ('siren');

    SELECT \\"weez\\", count(*) from weez;
    SELECT \\"stock\\", count(*) from stock;
    SELECT \\"geo_siret\\", count(*) from geo_siret;
  export.sql: |+
    --- Output index data
    --- sqlite3 -header -csv db.sqlite \\".read export.sql\\" > output.csv

    PRAGMA synchronous = OFF;

    SELECT 
        stock.siren,
        stock.sigleUniteLegale,
        stock.nomUniteLegale,
        stock.prenom1UniteLegale,
        stock.nomUsageUniteLegale,
        stock.denominationUniteLegale,
        stock.denominationUsuelle1UniteLegale,
        stock.denominationUsuelle2UniteLegale,
        stock.denominationUsuelle3UniteLegale,
        stock.activitePrincipaleUniteLegale,
        stock.trancheEffectifsUniteLegale,
        stock.categorieJuridiqueUniteLegale,
        stock.nomenclatureActivitePrincipaleUniteLegale,
        stock.categorieEntreprise,
        stock.etatAdministratifUniteLegale,
        stock.caractereEmployeurUniteLegale,
        geo_siret.siret,
        geo_siret.codePostalEtablissement,
        geo_siret.libelleCommuneEtablissement,
        geo_siret.etatAdministratifEtablissement,
        geo_siret.enseigne1Etablissement,
        geo_siret.enseigne2Etablissement,
        geo_siret.enseigne3Etablissement,
        geo_siret.denominationUsuelleEtablissement,
        geo_siret.activitePrincipaleEtablissement,
        geo_siret.geo_adresse,
        geo_siret.complementAdresseEtablissement,
        geo_siret.numeroVoieEtablissement,
        geo_siret.indiceRepetitionEtablissement,
        geo_siret.typeVoieEtablissement,
        geo_siret.libelleVoieEtablissement,
        weez.IDCC as idcc,
        (select count(*) FROM geo_siret where siren=stock.siren) etablissements
        from stock, geo_siret
            left join weez on weez.SIRET=geo_siret.siret
            where stock.siren=geo_siret.siren;


metadata:
  name: config-map-files-0123456789abcdefghijklmnopqrstuvwxyz0123
  annotations:
    app.github.com/job: '5678'
    app.github.com/ref: refs/heads/mybranch
    app.github.com/repo: socialgouv/recherche-entreprises
    app.github.com/run: '1234'
    app.github.com/sha: '0123456'
  labels:
    application: recherche-entreprises
    component: recherche-entreprises
    owner: recherche-entreprises
    team: recherche-entreprises
    cert: wildcard
  namespace: recherche-entreprises-mybranch
---
apiVersion: batch/v1
kind: Job
metadata:
  name: update-index-0123456789abcdefghijklmnopqrstuvwxyz0123
  annotations:
    app.github.com/job: '5678'
    app.github.com/ref: refs/heads/mybranch
    app.github.com/repo: socialgouv/recherche-entreprises
    app.github.com/run: '1234'
    app.github.com/sha: '0123456'
  labels:
    application: recherche-entreprises
    component: recherche-entreprises
    owner: recherche-entreprises
    team: recherche-entreprises
    cert: wildcard
  namespace: recherche-entreprises-mybranch
spec:
  backoffLimit: 3
  template:
    spec:
      containers:
        - name: update-index
          image: >-
            ghcr.io/socialgouv/recherche-entreprises/index:sha-0123456789abcdefghijklmnopqrstuvwxyz0123
          volumeMounts:
            - name: data
              mountPath: /data
          env:
            - name: ASSEMBLY_FILE
              value: /data/assembly.csv
            - name: ELASTICSEARCH_INDEX_NAME
              value: search-entreprises
          envFrom:
            - secretRef:
                name: elastic-recherche-entreprises-write
          resources:
            limits:
              cpu: '4'
              memory: 5Gi
            requests:
              cpu: '2'
              memory: 2Gi
      restartPolicy: Never
      volumes:
        - name: data
          emptyDir: {}
        - configMap:
            name: config-map-files-0123456789abcdefghijklmnopqrstuvwxyz0123
            defaultMode: 511
          name: local-files
      initContainers:
        - args:
            - /mnt/scripts/sqlite.sh
          command:
            - sh
          image: ubuntu:18.04
          imagePullPolicy: Always
          name: download-build-data
          env:
            - name: DATA_DIR
              value: /mnt/scripts/data
          resources:
            limits:
              cpu: '4'
              memory: 2Gi
            requests:
              cpu: '2'
              memory: 1Gi
          volumeMounts:
            - name: data
              mountPath: /mnt/scripts/data
            - mountPath: /mnt/scripts
              name: local-files
    metadata:
      annotations:
        app.github.com/job: '5678'
        app.github.com/ref: refs/heads/mybranch
        app.github.com/repo: socialgouv/recherche-entreprises
        app.github.com/run: '1234'
        app.github.com/sha: '0123456'
      labels:
        application: recherche-entreprises
        component: recherche-entreprises
        owner: recherche-entreprises
        team: recherche-entreprises
        cert: wildcard
"
`;
